\BOOKMARK [-1][-]{part.1}{\376\377\000I\000\040\000P\000a\000r\000t\000\040\000I\000:\000\040\000T\000h\000e\000\040\000L\000e\000t\000t\000e\000r}{}% 1
\BOOKMARK [0][-]{chapter.1}{\376\377\000I\000n\000t\000r\000o\000d\000u\000c\000t\000i\000o\000n}{part.1}% 2
\BOOKMARK [1][-]{section.1.1}{\376\377\000\040\000Q\000u\000i\000c\000k\000\040\000r\000e\000s\000u\000m\000e\000\040\000o\000f\000\040\000t\000h\000e\000\040\000p\000a\000t\000h\000\040\000o\000f\000\040\000c\000o\000n\000c\000e\000p\000t\000s\000\040}{chapter.1}% 3
\BOOKMARK [0][-]{chapter.2}{\376\377\000C\000o\000m\000p\000l\000e\000t\000e\000\040\000R\000e\000l\000a\000t\000i\000o\000n\000s\000:\000\040\000D\000-\000p\000a\000i\000r\000,\000\040\000R\000-\000p\000a\000i\000r\000,\000\040\000P\000A\000C\000K}{part.1}% 4
\BOOKMARK [0][-]{chapter.3}{\376\377\000N\000a\000i\000v\000e\000\040\000C\000A\000\040\000T\000h\000e\000o\000r\000e\000m}{part.1}% 5
\BOOKMARK [0][-]{chapter.4}{\376\377\000G\000E\000N\000E\000R\000A\000L\000\040\000S\000C\000H\000E\000M\000E\000\040\000\050\000\040\000I\000m\000a\000g\000e\000\040\000\051}{part.1}% 6
\BOOKMARK [1][-]{section.4.1}{\376\377\000I\000m\000a\000g\000e}{chapter.4}% 7
\BOOKMARK [1][-]{section.4.2}{\376\377\000D\000i\000v\000i\000d\000e\000\040\000a\000n\000d\000\040\000C\000o\000n\000q\000u\000e\000r\000\040\000s\000t\000r\000a\000t\000e\000g\000y}{chapter.4}% 8
\BOOKMARK [0][-]{chapter.5}{\376\377\000E\000x\000p\000l\000a\000i\000n\000i\000n\000g\000\040\000t\000h\000e\000\040\000P\000\050\000N\000\051\000\040\000p\000a\000r\000t\000i\000t\000i\000o\000n}{part.1}% 9
\BOOKMARK [0][-]{chapter.6}{\376\377\000R\000e\000p\000r\000e\000s\000e\000n\000t\000a\000t\000i\000o\000n\000s\000\040\000S\000e\000t\000:\000\040\000S\000N\000E\000F\000s\000\040\000a\000n\000d\000\040\000S\000N\000E\000I\000s\000.\000\040\000F\000u\000n\000c\000t\000i\000o\000n\000\040\000S\000I\000.}{part.1}% 10
\BOOKMARK [1][-]{section.6.1}{\376\377\000S\000N\000E\000F\000s}{chapter.6}% 11
\BOOKMARK [1][-]{section.6.2}{\376\377\000F\000u\000n\000c\000t\000i\000o\000n\000\040\000S\000I\000\040\000f\000o\000r\000\040\000S\000N\000E\000F\000s}{chapter.6}% 12
\BOOKMARK [1][-]{section.6.3}{\376\377\000S\000N\000E\000I\000s}{chapter.6}% 13
\BOOKMARK [1][-]{section.6.4}{\376\377\000O\000u\000r\000\040\000f\000i\000r\000s\000t\000\040\000l\000a\000n\000g\000u\000a\000g\000e}{chapter.6}% 14
\BOOKMARK [0][-]{chapter.7}{\376\377\000L\000C\000F\000\040\000a\000n\000d\000\040\000U\000n\000i\000v\000e\000r\000s\000e\000s\000\040\000k\000\040}{part.1}% 15
\BOOKMARK [1][-]{section.7.1}{\376\377\000I\000n\000i\000t\000i\000a\000l\000\040\000c\000o\000n\000c\000e\000p\000t\000s\000\040\000n\000e\000e\000d\000e\000d}{chapter.7}% 16
\BOOKMARK [1][-]{section.7.2}{\376\377\000L\000C\000F\000\040\000a\000n\000d\000\040\000P\000r\000e\000v\000i\000o\000u\000s}{chapter.7}% 17
\BOOKMARK [1][-]{section.7.3}{\376\377\000S\000e\000c\000o\000n\000d\000\040\000p\000a\000r\000t\000i\000t\000i\000o\000n\000:\000\040\000L\000C\000F\0001\000\040\000a\000n\000d\000\040\000L\000C\000F\0002\000\040}{chapter.7}% 18
\BOOKMARK [1][-]{section.7.4}{\376\377\000T\000h\000i\000r\000d\000\040\000p\000a\000r\000t\000i\000t\000i\000o\000n\000:\000\040\000L\000C\000F\0002\000c\000\040\000a\000n\000d\000\040\000L\000C\000F\0002\000p\000\040}{chapter.7}% 19
\BOOKMARK [2][-]{subsection.7.4.1}{\376\377\000C\000o\000m\000p\000a\000c\000t\000\040\000n\000o\000t\000a\000t\000i\000o\000n}{section.7.4}% 20
\BOOKMARK [1][-]{section.7.5}{\376\377\000F\000o\000u\000r\000t\000h\000\040\000p\000a\000r\000t\000i\000t\000i\000o\000n\000:\000\040\000U\000n\000i\000v\000e\000r\000s\000e\000s\000\040\000k\000\040}{chapter.7}% 21
\BOOKMARK [0][-]{chapter.8}{\376\377\000A\000b\000o\000u\000t\000\040\000w\000h\000y\000\040\000m\000u\000s\000t\000\040\000e\000x\000i\000s\000t\000\040\000t\000h\000e\000\040\000b\000i\000j\000e\000c\000t\000i\000o\000n\000\040}{part.1}% 22
\BOOKMARK [0][-]{chapter.9}{\376\377\000P\000a\000t\000h\000s}{part.1}% 23
\BOOKMARK [1][-]{subsection.9.0.1}{\376\377\000P\000a\000t\000h\000\040\000f\000r\000o\000m\000\040\000e\000m\000p\000t\000y\000\040\000t\000o\000\040\000Z\000e\000r\000o}{chapter.9}% 24
\BOOKMARK [2][-]{subsection.9.0.2}{\376\377\000\040\000F\000r\000o\000m\000\040\000s\000u\000b\000s\000e\000t\000s\000\040\000o\000f\000\040\000N\000\040\000w\000i\000t\000h\000\040\000f\000i\000n\000i\000t\000e\000\040\000c\000a\000r\000d\000i\000n\000a\000l\000\040\000t\000o\000\040\000L\000C\000F\0001\000\040}{subsection.9.0.1}% 25
\BOOKMARK [2][-]{subsection.9.0.3}{\376\377\000\040\000F\000r\000o\000m\000\040\000s\000u\000b\000s\000e\000t\000s\000\040\000o\000f\000\040\000N\000\040\000w\000i\000t\000h\000\040\000I\000N\000F\000I\000N\000I\000T\000E\000\040\000c\000a\000r\000d\000i\000n\000a\000l\000\040\000t\000o\000\040\000S\000N\000E\000I\000s\000\040}{subsection.9.0.1}% 26
\BOOKMARK [2][-]{subsection.9.0.4}{\376\377\000\040\000F\000r\000o\000m\000\040\000L\000C\000F\0002\000p\000\040\000t\000o\000\040\000s\000o\000m\000e\000\040\000s\000u\000b\000s\000e\000t\000\040\000o\000f\000\040\000N\000\040}{subsection.9.0.1}% 27
\BOOKMARK [2][-]{subsection.9.0.5}{\376\377\000\040\000S\000N\000E\000I\000s\000\040\000v\000s\000\040\000L\000C\000F\0002\000p\000\040}{subsection.9.0.1}% 28
\BOOKMARK [0][-]{chapter.10}{\376\377\000L\000e\000v\000e\000l\000\040\000o\000f\000\040\000c\000o\000n\000f\000l\000i\000c\000t\000\040\000\040\000b\000e\000t\000w\000e\000e\000n\000\040\000a\000\040\000p\000a\000i\000r\000\040\000o\000f\000\040\000S\000N\000E\000I\000s}{part.1}% 29
\BOOKMARK [1][-]{subsection.10.0.1}{\376\377\000A\000l\000t\000e\000r\000n\000a\000t\000i\000v\000e\000\040\000d\000e\000f\000i\000n\000i\000t\000i\000o\000n\000\040\000o\000f\000\040\000l\000e\000v\000e\000l\000\040\000o\000f\000\040\000c\000o\000n\000f\000l\000i\000c\000t\000\040}{chapter.10}% 30
\BOOKMARK [2][-]{subsection.10.0.2}{\376\377\000W\000h\000a\000t\000\040\000h\000a\000p\000p\000e\000n\000s\000\040\000w\000h\000e\000n\000\040\000t\000w\000o\000\040\000S\000N\000E\000I\000s\000\040\000i\000n\000s\000i\000d\000e\000\040\000a\000\040\000D\000-\000p\000a\000i\000r\000\040\000a\000r\000e\000\040\000t\000h\000e\000\040\000s\000a\000m\000e\000?}{subsection.10.0.1}% 31
\BOOKMARK [0][-]{chapter.11}{\376\377\000P\000a\000r\000t\000i\000t\000i\000o\000n\000\040\000o\000f\000\040\000\050\000S\000N\000E\000I\000s\000X\000S\000N\000E\000I\000s\000\051\000:\000\040\000F\000a\000m\000i\000l\000i\000e\000s\000\040\000F}{part.1}% 32
\BOOKMARK [-1][-]{part.2}{\376\377\000I\000I\000\040\000P\000a\000r\000t\000\040\000I\000I\000:\000\040\000U\000n\000n\000e\000c\000e\000s\000s\000a\000r\000y\000\040\000c\000o\000m\000m\000e\000n\000t\000s}{}% 33
\BOOKMARK [0][-]{chapter.12}{\376\377\000U\000N\000N\000E\000C\000E\000S\000S\000A\000R\000Y\000\040\000C\000O\000M\000M\000E\000N\000T\000S}{part.2}% 34
\BOOKMARK [1][-]{section.12.1}{\376\377\0000\0000\0000\0001\000:\000\040\000A\000b\000o\000u\000t\000\040\000L\000a\000m\000b\000d\000a\000s}{chapter.12}% 35
\BOOKMARK [1][-]{section.12.2}{\376\377\0000\0000\0000\0002\000:\000\040\000S\000o\000m\000e\000\040\000f\000a\000c\000t\000s\000\040\000a\000b\000o\000u\000t\000\040\000C\000L\000J\000A\000s}{chapter.12}% 36
\BOOKMARK [1][-]{section.12.3}{\376\377\0000\0000\0000\0003\000:\000\040\000-\000r\000e\000c\000u\000r\000s\000i\000v\000e}{chapter.12}% 37
\BOOKMARK [1][-]{section.12.4}{\376\377\0000\0000\0000\0004\000:\000\040\000A\000b\000o\000u\000t\000\040\000t\000h\000e\000\040\000s\000a\000d\000\040\000h\000i\000s\000t\000o\000r\000y\000\040\000o\000f\000\040\000t\000h\000e\000\040\000n\000a\000m\000e\000\040\000o\000f\000\040\000C\000o\000m\000p\000l\000e\000t\000e\000\040\000R\000e\000l\000a\000t\000i\000o\000n\000s}{chapter.12}% 38
\BOOKMARK [1][-]{section.12.5}{\376\377\0000\0000\0000\0005\000:\000\040\000M\000o\000r\000e\000\040\000a\000b\000o\000u\000t\000\040\000N\000a\000i\000v\000e\000\040\000C\000A\000\040\000T\000h}{chapter.12}% 39
\BOOKMARK [1][-]{section.12.6}{\376\377\0000\0000\0000\0006\000:\000\040\000T\000h\000e\000\040\000S\000h\000i\000t\000-\000t\000u\000a\000t\000i\000o\000n}{chapter.12}% 40
\BOOKMARK [1][-]{section.12.7}{\376\377\0000\0000\0000\0007\000:\000\040\000O\000r\000i\000g\000i\000n\000a\000l\000\040\000p\000r\000o\000o\000f\000\040\000o\000f\000\040\000N\000a\000i\000v\000e\000\040\000C\000A\000\040\000T\000h}{chapter.12}% 41
\BOOKMARK [1][-]{section.12.8}{\376\377\0000\0000\0000\0008\000:\000\040\000W\000h\000y\000\040\000w\000e\000\040\000u\000s\000e\000\040\000i\000n\000f\000i\000n\000i\000t\000e\000\040\000P\000A\000C\000K\000s}{chapter.12}% 42
\BOOKMARK [1][-]{section.12.9}{\376\377\0000\0000\0000\0009\000:\000\040\000A\000b\000o\000u\000t\000\040\000b\000e\000i\000n\000g\000\040\000D\000I\000F\000F\000E\000R\000E\000N\000T\000\040\000f\000o\000r\000\040\000l\000i\000t\000t\000l\000e\000\040\000d\000e\000t\000a\000i\000l\000s}{chapter.12}% 43
\BOOKMARK [1][-]{section.12.10}{\376\377\0000\0000\0001\0000\000:\000\040\000a\000b\000o\000u\000t\000\040\000t\000h\000e\000\040\000f\000o\000r\000m\000u\000l\000a\000\040\000o\000f\000\040\000F\000L\000J\000A\000\040\000a\000n\000d\000\040\000P\000r\000e\000v\000i\000o\000u\000s}{chapter.12}% 44
\BOOKMARK [1][-]{section.12.11}{\376\377\0000\0000\0001\0001\000:\000\040\000Y\000v\000B}{chapter.12}% 45
\BOOKMARK [1][-]{section.12.12}{\376\377\0000\0000\0001\0002\000:\000\040\000W\000h\000y\000\040\000l\000a\000m\000b\000d\000a\000s\000\040\000b\000e\000g\000i\000n\000s\000\040\000i\000n\000\040\000i\000=\0001}{chapter.12}% 46
\BOOKMARK [1][-]{section.12.13}{\376\377\0000\0000\0001\0003\000:\000\040\000e\000x\000t\000e\000n\000d\000i\000n\000g\000\040\000f\000i\000n\000i\000t\000e\000\040\000c\000a\000s\000e\000s\000\040\000t\000o\000\040\000i\000n\000f\000i\000n\000i\000t\000y\000\040\000\050\000\051}{chapter.12}% 47
\BOOKMARK [1][-]{section.12.14}{\376\377\0000\0000\0001\0004\000:\000\040\000G\000r\000o\000u\000p\000s\000\040\000o\000f\000\040\000s\000t\000u\000d\000y\000\040\000\050\000\051}{chapter.12}% 48
